
 RUN  v5.0.0 /Users/sungwoon/ai-projects/cc-harness

 ❯ tests/unit/harness-portability.test.ts (46 tests | 1 failed) 1556ms
   × ships a parseable adaptive-execution result example without inventing observation 5ms

⎯⎯⎯⎯⎯⎯⎯ Failed Tests 1 ⎯⎯⎯⎯⎯⎯⎯

 FAIL  tests/unit/harness-portability.test.ts > ships a parseable adaptive-execution result example without inventing observation
AssertionError: expected { issue: 'MR-IMP-01', …(19) } to match object { …(8) }
(39 matching properties omitted from actual)

- Expected
+ Received

  {
-   "contract_hashes": {},
    "diagnostic": {
-     "approval_ref": null,
-     "context_id": null,
-     "diagnostic_result": null,
-     "escalation_reason": "not-run",
-     "evidence_ref": null,
-     "observed": {
-       "effort": "unknown",
-       "model": "unknown",
-     },
-     "requested": {
-       "effort": "unknown",
-       "model": "unknown",
-     },
-     "status": "not-run",
+     "budget": 1,
+     "remaining": 1,
+     "used": 0,
    },
-   "effective_checkpoint": "<approved-checkpoint>",
-   "evidence": {
-     "reason": "<not-yet-assessed>",
-     "refs": [],
-     "validity": "unknown",
-   },
    "failure": {
-     "current": null,
-     "previous": [],
+     "class": "LOCAL_IMPLEMENTATION_ERROR",
+     "identity": "<class-command-signature-tool-version-scope>",
    },
-   "green_attempts": {
-     "limit": 3,
-     "used": 1,
-   },
-   "retry_count": 0,
-   "source_revision": "<verified-source-revision>",
  }

 ❯ tests/unit/harness-portability.test.ts:322:18
    320|     "same_relevant_code_contract_ac_test_command_environment",
    321|   );
    322|   expect(result).toMatchObject({
       |                  ^
    323|     source_revision: "<verified-source-revision>",
    324|     contract_hashes: {},

⎯⎯⎯⎯⎯⎯⎯⎯⎯⎯⎯⎯⎯⎯⎯⎯⎯⎯⎯⎯⎯⎯⎯⎯[1/1]⎯


 Test Files  1 failed (1)
      Tests  1 failed | 45 passed (46)
   Start at  22:30:30
   Duration  1.65s (tests 99%, transform 1%)

